uv : warning: No `requires-python` value 
found in the workspace. Defaulting to 
`>=3.11`.
At line:1 char:1
+ uv run python tmp/test_pipeline.py > 
tmp/test_output.txt 2>&1
+ ~~~~~~~~~~~~~~~~~~~~~~~~~~~~~~~~~~~~~~~~~~~~
~~~~~~~~~~~~~~~~~
    + CategoryInfo          : NotSpecified: ( 
   warning: No `re...ng to `>=3.11`.:String)  
   [], RemoteException
    + FullyQualifiedErrorId : NativeCommandEr 
   ror
 
INFO:agent_d.live:LiveLearningEngine: Loaded 
3780 historical trades (STRONG)
INFO:agent_d.live:LiveLearningEngine: 
ConditionalExpectancyMatrix ACTIVATED
INFO:brain:Initializing TradingBrain 
components...
INFO:mind_bridge:MindBridge: Tool 'heal_code' 
registered.
INFO:mind_bridge:MindBridge: Tool 
'check_syntax' registered.
INFO:mind_bridge:MindBridge: Tool 'audit_pnl' 
registered.
INFO:mind_bridge:MindBridge: Tool 
'optimize_thresholds' registered.
INFO:mind_bridge:MindBridge: Tool 
'evolve_strategy' registered.
INFO:mind_bridge:MindBridge: Tool 
'report_peak' registered.
INFO:mind_bridge:MindBridge: Tool 
'housekeeping' registered.
INFO:mind_bridge:MindBridge: Tool 
'update_knowledge' registered.
INFO:mind_bridge:MindBridge: Tool 
'fetch_sentiment' registered.
INFO:mind_bridge:MindBridge: Tool 
'scan_environment' registered.
INFO:mind_bridge:MindBridge: Tool 
'run_shadow_test' registered.
INFO:mind_bridge:MindBridge: Tool 
'gate_feature' registered.
INFO:mind_bridge:MindBridge: Tool 
'pause_and_reason' registered.
INFO:mind_bridge:MindBridge: Tool 
'simulate_outcome' registered.
INFO:mind_bridge:MindBridge: Tool 
'run_system_command' registered.
INFO:mind_bridge:MindBridge: Tool 
'reboot_service' registered.
INFO:mind_bridge:MindBridge: Tool 
'find_executable' registered.
INFO:mind_bridge:MindBridge: Tool 
'sovereign_flush' registered.
INFO:agent_c:EvolutionManager initialized at C
:\Users\talpa\Desktop\System_Beta\TradingSyste
m\data\evolution.db
INFO:mind_bridge:MindBridge: Tool 
'get_account_status' registered.
INFO:mind_bridge:MindBridge: Tool 
'get_open_positions' registered.
INFO:brain:TradingBrain initialized in paper 
mode with SETO V8.0 Cognitive Matrix
INFO:mind_bridge:MindBridge: Tool 
'get_account_status' registered.
INFO:mind_bridge:MindBridge: Tool 
'get_open_positions' registered.
INFO:brain:≡ƒÆ░ [TRADE EXIT_P2]: MOCK 
Slice_PnL=$+141.43 R=+0.75 (Shares: 100)
INFO:wisdom:≡ƒôÜ Wisdom: Post-Mortem 
synthesized for MOCK at 
data\memory\PM_MOCK_20260408_201127.md
INFO:brain:≡ƒºá [Agent D Learning Cycle]: 
Entropy=RISING Matrix=False 
Rating=INSUFFICIENT

[TEST] 1. Initialized TradingBrain in PAPER mode.

[TEST] 2. Position created. Qty: 100.0 Entry: 100.0

[TEST] 3. Decision at 103.0: ExitDecision(action=<ExitAction.TIGHTEN: 'TIGHTEN'>, priority=2, reason='Trailing active after +1R', new_stop=102.0, confidence=1.0, pct_out=1.0, metadata={})

[TEST] 5. Force closing remainder at 101.5...

[TEST] 6. Final state:
 -> Final Net PnL: 141.42500000000064
 -> Final Qty left in positions: 0

[TEST] 7. DB Read: ('MOCK', 'OPEN', 141.42500000000064, 3.0)
