뿃뻃============================= test session starts =============================
platform win32 -- Python 3.14.3, pytest-9.0.2, pluggy-1.6.0
rootdir: C:\Users\talpa\Desktop\System_Beta\TradingSystem
configfile: pyproject.toml
plugins: anyio-4.12.1, asyncio-1.3.0
asyncio: mode=Mode.AUTO, debug=False, asyncio_default_fixture_loop_scope=None, asyncio_default_test_loop_scope=function
collected 21 items

tests\test_dms.py EEE                                                    [ 14%]
tests\test_integration.py ..........                                     [ 61%]
tests\test_oracle.py EE                                                  [ 71%]
tests\test_risk_invariants.py .....                                      [ 95%]
tests\test_trading_brain.py E                                            [100%]

=================================== ERRORS ====================================
__________________ ERROR at setup of test_dms_healthy_state ___________________

    @pytest.fixture
    def dms():
        # max_drawdown=0.05 (5%), daily_loss_limit=1000.0
>       return PortfolioGuard(max_drawdown=0.05, daily_loss_limit=1000.0)
               ^^^^^^^^^^^^^^^^^^^^^^^^^^^^^^^^^^^^^^^^^^^^^^^^^^^^^^^^^^
E       TypeError: PortfolioGuard() takes no arguments

tests\test_dms.py:9: TypeError
_______________ ERROR at setup of test_dms_max_drawdown_breach ________________

    @pytest.fixture
    def dms():
        # max_drawdown=0.05 (5%), daily_loss_limit=1000.0
>       return PortfolioGuard(max_drawdown=0.05, daily_loss_limit=1000.0)
               ^^^^^^^^^^^^^^^^^^^^^^^^^^^^^^^^^^^^^^^^^^^^^^^^^^^^^^^^^^
E       TypeError: PortfolioGuard() takes no arguments

tests\test_dms.py:9: TypeError
________________ ERROR at setup of test_dms_daily_loss_breach _________________

    @pytest.fixture
    def dms():
        # max_drawdown=0.05 (5%), daily_loss_limit=1000.0
>       return PortfolioGuard(max_drawdown=0.05, daily_loss_limit=1000.0)
               ^^^^^^^^^^^^^^^^^^^^^^^^^^^^^^^^^^^^^^^^^^^^^^^^^^^^^^^^^^
E       TypeError: PortfolioGuard() takes no arguments

tests\test_dms.py:9: TypeError
________________ ERROR at setup of test_oracle_classification _________________

    @pytest.fixture
    def oracle():
        """Create a DhatuOracle with disabled external queries."""
>       o = DhatuOracle(db_path=":memory:")
            ^^^^^^^^^^^^^^^^^^^^^^^^^^^^^^^
E       TypeError: DhatuOracle.__init__() got an unexpected keyword argument 'db_path'

tests\test_oracle.py:9: TypeError
___________________ ERROR at setup of test_oracle_fallback ____________________

    @pytest.fixture
    def oracle():
        """Create a DhatuOracle with disabled external queries."""
>       o = DhatuOracle(db_path=":memory:")
            ^^^^^^^^^^^^^^^^^^^^^^^^^^^^^^^
E       TypeError: DhatuOracle.__init__() got an unexpected keyword argument 'db_path'

tests\test_oracle.py:9: TypeError
____________ ERROR at setup of test_standby_to_scanning_transition ____________

mock_db_conn = <MagicMock id='2371833621744'>

    @pytest.fixture
    def brain(mock_db_conn):
        """Create a TradingBrain with mocked external dependencies."""
>       with patch('src.brain.sqlite3.connect') as mock_connect: # pyre-ignore[21]
             ^^^^^^^^^^^^^^^^^^^^^^^^^^^^^^^^^^

tests\test_trading_brain.py:9: 
_ _ _ _ _ _ _ _ _ _ _ _ _ _ _ _ _ _ _ _ _ _ _ _ _ _ _ _ _ _ _ _ _ _ _ _ _ _ _ _
C:\Python314\Lib\unittest\mock.py:1487: in __enter__
    self.target = self.getter()
                  ^^^^^^^^^^^^^
_ _ _ _ _ _ _ _ _ _ _ _ _ _ _ _ _ _ _ _ _ _ _ _ _ _ _ _ _ _ _ _ _ _ _ _ _ _ _ _

name = 'src.brain.sqlite3'

    def resolve_name(name):
        """
        Resolve a name to an object.
    
        It is expected that `name` will be a string in one of the following
        formats, where W is shorthand for a valid Python identifier and dot stands
        for a literal period in these pseudo-regexes:
    
        W(.W)*
        W(.W)*:(W(.W)*)?
    
        The first form is intended for backward compatibility only. It assumes that
        some part of the dotted name is a package, and the rest is an object
        somewhere within that package, possibly nested inside other objects.
        Because the place where the package stops and the object hierarchy starts
        can't be inferred by inspection, repeated attempts to import must be done
        with this form.
    
        In the second form, the caller makes the division point clear through the
        provision of a single colon: the dotted name to the left of the colon is a
        package to be imported, and the dotted name to the right is the object
        hierarchy within that package. Only one import is needed in this form. If
        it ends with the colon, then a module object is returned.
    
        The function will return an object (which might be a module), or raise one
        of the following exceptions:
    
        ValueError - if `name` isn't in a recognised format
        ImportError - if an import failed when it shouldn't have
        AttributeError - if a failure occurred when traversing the object hierarchy
                         within the imported package to get to the desired object.
        """
        global _NAME_PATTERN
        if _NAME_PATTERN is None:
            # Lazy import to speedup Python startup time
            import re
            dotted_words = r'(?!\d)(\w+)(\.(?!\d)(\w+))*'
            _NAME_PATTERN = re.compile(f'^(?P<pkg>{dotted_words})'
                                       f'(?P<cln>:(?P<obj>{dotted_words})?)?$',
                                       re.UNICODE)
    
        m = _NAME_PATTERN.match(name)
        if not m:
            raise ValueError(f'invalid format: {name!r}')
        gd = m.groupdict()
        if gd.get('cln'):
            # there is a colon - a one-step import is all that's needed
            mod = importlib.import_module(gd['pkg'])
            parts = gd.get('obj')
            parts = parts.split('.') if parts else []
        else:
            # no colon - have to iterate to find the package boundary
            parts = name.split('.')
            modname = parts.pop(0)
            # first part *must* be a module/package.
            mod = importlib.import_module(modname)
            while parts:
                p = parts[0]
                s = f'{modname}.{p}'
                try:
                    mod = importlib.import_module(s)
                    parts.pop(0)
                    modname = s
                except ImportError:
                    break
        # if we reach this point, mod is the module, already imported, and
        # parts is the list of parts in the object hierarchy to be traversed, or
        # an empty list if just the module is wanted.
        result = mod
        for p in parts:
>           result = getattr(result, p)
                     ^^^^^^^^^^^^^^^^^^
E           AttributeError: module 'src.brain' has no attribute 'sqlite3'

C:\Python314\Lib\pkgutil.py:473: AttributeError
=========================== short test summary info ===========================
ERROR tests/test_dms.py::test_dms_healthy_state - TypeError: PortfolioGuard()...
ERROR tests/test_dms.py::test_dms_max_drawdown_breach - TypeError: PortfolioG...
ERROR tests/test_dms.py::test_dms_daily_loss_breach - TypeError: PortfolioGua...
ERROR tests/test_oracle.py::test_oracle_classification - TypeError: DhatuOrac...
ERROR tests/test_oracle.py::test_oracle_fallback - TypeError: DhatuOracle.__i...
ERROR tests/test_trading_brain.py::test_standby_to_scanning_transition - Attr...
======================== 15 passed, 6 errors in 1.32s =========================
